// Jest Snapshot v1, https://goo.gl/fbAQLP

exports[`Snapshot for NewPage 1`] = `
<main
  className="fortalezaPage"
>
  <header>
    <h1>
      Fortaleza Esporte Clube
    </h1>
    <img
      alt="Escudo do Fortaleza"
      className="vercelLogo"
      data-nimg="1"
      decoding="async"
      fetchpriority="high"
      height={100}
      onError={[Function]}
      onLoad={[Function]}
      src="/_next/image?url=%2Ffortaleza.png&w=256&q=75"
      srcSet="/_next/image?url=%2Ffortaleza.png&w=128&q=75 1x, /_next/image?url=%2Ffortaleza.png&w=256&q=75 2x"
      style={
        {
          "color": "transparent",
        }
      }
      width={100}
    />
  </header>
  <section>
    <h2>
      Sobre o Fortaleza
    </h2>
    <p>
      O Fortaleza Esporte Clube é um clube de futebol brasileiro sediado em Fortaleza, no estado do Ceará. Fundado em 1918, é um dos clubes mais tradicionais do Nordeste.
    </p>
  </section>
  <section>
    <h2>
      Principais Conquistas
    </h2>
    <ul
      className="fortalezaConquers"
    >
      <li>
        Campeonato Brasileiro Série B: 2018
      </li>
      <li>
        Copa do Nordeste: 1960, 1964, 1966, 1971, 2000, 2019
      </li>
      <li>
        Copa dos Campeões Cearenses: 2002
      </li>
    </ul>
  </section>
  <section>
    <h2>
      Estádio
    </h2>
    <p>
      O Fortaleza manda seus jogos no estádio Castelão, com capacidade para aproximadamente 63.903 torcedores.
    </p>
  </section>
  <footer
    className="fortalezaFooter"
  >
    <p>
      Para mais informações, visite o site oficial do
       
      <a
        href="https://www.fortalezaec.net/"
        target="_blank"
      >
        Fortaleza Esporte Clube
      </a>
      .
    </p>
  </footer>
</main>
`;
